Archive member included to satisfy reference by file (symbol)

D:\Lap Trinh\lap trinh\embedded\SDK_1.0.3_NUCLEO-F401RE\lib_stm\libLibraries.a(system_stm32f4xx.o)
                              ./Src/main.o (SystemCoreClockUpdate)
D:\Lap Trinh\lap trinh\embedded\SDK_1.0.3_NUCLEO-F401RE\lib_stm\libLibraries.a(misc.o)
                              ./Src/main.o (NVIC_Init)
D:\Lap Trinh\lap trinh\embedded\SDK_1.0.3_NUCLEO-F401RE\lib_stm\libLibraries.a(stm32f401re_exti.o)
                              ./Src/main.o (EXTI_Init)
D:\Lap Trinh\lap trinh\embedded\SDK_1.0.3_NUCLEO-F401RE\lib_stm\libLibraries.a(stm32f401re_gpio.o)
                              ./Src/main.o (GPIO_Init)
D:\Lap Trinh\lap trinh\embedded\SDK_1.0.3_NUCLEO-F401RE\lib_stm\libLibraries.a(stm32f401re_rcc.o)
                              ./Src/main.o (RCC_AHB1PeriphClockCmd)
D:\Lap Trinh\lap trinh\embedded\SDK_1.0.3_NUCLEO-F401RE\lib_stm\libLibraries.a(stm32f401re_syscfg.o)
                              ./Src/main.o (SYSCFG_EXTILineConfig)
c:/st/stm32cubeide_1.10.1/stm32cubeide/plugins/com.st.stm32cube.ide.mcu.externaltools.gnu-tools-for-stm32.10.3-2021.10.win32_1.0.0.202111181127/tools/bin/../lib/gcc/arm-none-eabi/10.3.1/../../../../arm-none-eabi/lib/thumb/v7e-m+fp/hard\libc_nano.a(lib_a-errno.o)
                              ./Src/syscalls.o (__errno)
c:/st/stm32cubeide_1.10.1/stm32cubeide/plugins/com.st.stm32cube.ide.mcu.externaltools.gnu-tools-for-stm32.10.3-2021.10.win32_1.0.0.202111181127/tools/bin/../lib/gcc/arm-none-eabi/10.3.1/../../../../arm-none-eabi/lib/thumb/v7e-m+fp/hard\libc_nano.a(lib_a-exit.o)
                              c:/st/stm32cubeide_1.10.1/stm32cubeide/plugins/com.st.stm32cube.ide.mcu.externaltools.gnu-tools-for-stm32.10.3-2021.10.win32_1.0.0.202111181127/tools/bin/../lib/gcc/arm-none-eabi/10.3.1/../../../../arm-none-eabi/lib/thumb/v7e-m+fp/hard/crt0.o (exit)
c:/st/stm32cubeide_1.10.1/stm32cubeide/plugins/com.st.stm32cube.ide.mcu.externaltools.gnu-tools-for-stm32.10.3-2021.10.win32_1.0.0.202111181127/tools/bin/../lib/gcc/arm-none-eabi/10.3.1/../../../../arm-none-eabi/lib/thumb/v7e-m+fp/hard\libc_nano.a(lib_a-impure.o)
                              c:/st/stm32cubeide_1.10.1/stm32cubeide/plugins/com.st.stm32cube.ide.mcu.externaltools.gnu-tools-for-stm32.10.3-2021.10.win32_1.0.0.202111181127/tools/bin/../lib/gcc/arm-none-eabi/10.3.1/../../../../arm-none-eabi/lib/thumb/v7e-m+fp/hard\libc_nano.a(lib_a-exit.o) (_global_impure_ptr)
c:/st/stm32cubeide_1.10.1/stm32cubeide/plugins/com.st.stm32cube.ide.mcu.externaltools.gnu-tools-for-stm32.10.3-2021.10.win32_1.0.0.202111181127/tools/bin/../lib/gcc/arm-none-eabi/10.3.1/../../../../arm-none-eabi/lib/thumb/v7e-m+fp/hard\libc_nano.a(lib_a-init.o)
                              c:/st/stm32cubeide_1.10.1/stm32cubeide/plugins/com.st.stm32cube.ide.mcu.externaltools.gnu-tools-for-stm32.10.3-2021.10.win32_1.0.0.202111181127/tools/bin/../lib/gcc/arm-none-eabi/10.3.1/../../../../arm-none-eabi/lib/thumb/v7e-m+fp/hard/crt0.o (__libc_init_array)
c:/st/stm32cubeide_1.10.1/stm32cubeide/plugins/com.st.stm32cube.ide.mcu.externaltools.gnu-tools-for-stm32.10.3-2021.10.win32_1.0.0.202111181127/tools/bin/../lib/gcc/arm-none-eabi/10.3.1/../../../../arm-none-eabi/lib/thumb/v7e-m+fp/hard\libc_nano.a(lib_a-memset.o)
                              c:/st/stm32cubeide_1.10.1/stm32cubeide/plugins/com.st.stm32cube.ide.mcu.externaltools.gnu-tools-for-stm32.10.3-2021.10.win32_1.0.0.202111181127/tools/bin/../lib/gcc/arm-none-eabi/10.3.1/../../../../arm-none-eabi/lib/thumb/v7e-m+fp/hard/crt0.o (memset)

Discarded input sections

 .text          0x0000000000000000        0x0 c:/st/stm32cubeide_1.10.1/stm32cubeide/plugins/com.st.stm32cube.ide.mcu.externaltools.gnu-tools-for-stm32.10.3-2021.10.win32_1.0.0.202111181127/tools/bin/../lib/gcc/arm-none-eabi/10.3.1/thumb/v7e-m+fp/hard/crti.o
 .data          0x0000000000000000        0x0 c:/st/stm32cubeide_1.10.1/stm32cubeide/plugins/com.st.stm32cube.ide.mcu.externaltools.gnu-tools-for-stm32.10.3-2021.10.win32_1.0.0.202111181127/tools/bin/../lib/gcc/arm-none-eabi/10.3.1/thumb/v7e-m+fp/hard/crti.o
 .bss           0x0000000000000000        0x0 c:/st/stm32cubeide_1.10.1/stm32cubeide/plugins/com.st.stm32cube.ide.mcu.externaltools.gnu-tools-for-stm32.10.3-2021.10.win32_1.0.0.202111181127/tools/bin/../lib/gcc/arm-none-eabi/10.3.1/thumb/v7e-m+fp/hard/crti.o
 .data          0x0000000000000000        0x4 c:/st/stm32cubeide_1.10.1/stm32cubeide/plugins/com.st.stm32cube.ide.mcu.externaltools.gnu-tools-for-stm32.10.3-2021.10.win32_1.0.0.202111181127/tools/bin/../lib/gcc/arm-none-eabi/10.3.1/thumb/v7e-m+fp/hard/crtbegin.o
 .rodata        0x0000000000000000       0x24 c:/st/stm32cubeide_1.10.1/stm32cubeide/plugins/com.st.stm32cube.ide.mcu.externaltools.gnu-tools-for-stm32.10.3-2021.10.win32_1.0.0.202111181127/tools/bin/../lib/gcc/arm-none-eabi/10.3.1/thumb/v7e-m+fp/hard/crtbegin.o
[...]
Memory Configuration

Name             Origin             Length             Attributes
RAM              0x0000000020000000 0x0000000000018000 xrw
FLASH            0x0000000008000000 0x0000000000080000 xr
*default*        0x0000000000000000 0xffffffffffffffff

Linker script and memory map

LOAD c:/st/stm32cubeide_1.10.1/stm32cubeide/plugins/com.st.stm32cube.ide.mcu.externaltools.gnu-tools-for-stm32.10.3-2021.10.win32_1.0.0.202111181127/tools/bin/../lib/gcc/arm-none-eabi/10.3.1/thumb/v7e-m+fp/hard/crti.o
LOAD c:/st/stm32cubeide_1.10.1/stm32cubeide/plugins/com.st.stm32cube.ide.mcu.externaltools.gnu-tools-for-stm32.10.3-2021.10.win32_1.0.0.202111181127/tools/bin/../lib/gcc/arm-none-eabi/10.3.1/thumb/v7e-m+fp/hard/crtbegin.o
LOAD c:/st/stm32cubeide_1.10.1/stm32cubeide/plugins/com.st.stm32cube.ide.mcu.externaltools.gnu-tools-for-stm32.10.3-2021.10.win32_1.0.0.202111181127/tools/bin/../lib/gcc/arm-none-eabi/10.3.1/../../../../arm-none-eabi/lib/thumb/v7e-m+fp/hard/crt0.o
LOAD ./Src/main.o
LOAD ./Src/syscalls.o
LOAD ./Src/sysmem.o
LOAD ./Startup/startup_stm32f401retx.o
LOAD D:\Lap Trinh\lap trinh\embedded\SDK_1.0.3_NUCLEO-F401RE\lib_stm\libLibraries.a
START GROUP
LOAD c:/st/stm32cubeide_1.10.1/stm32cubeide/plugins/com.st.stm32cube.ide.mcu.externaltools.gnu-tools-for-stm32.10.3-2021.10.win32_1.0.0.202111181127/tools/bin/../lib/gcc/arm-none-eabi/10.3.1/../../../../arm-none-eabi/lib/thumb/v7e-m+fp/hard\libc_nano.a
LOAD c:/st/stm32cubeide_1.10.1/stm32cubeide/plugins/com.st.stm32cube.ide.mcu.externaltools.gnu-tools-for-stm32.10.3-2021.10.win32_1.0.0.202111181127/tools/bin/../lib/gcc/arm-none-eabi/10.3.1/../../../../arm-none-eabi/lib/thumb/v7e-m+fp/hard\libm.a
END GROUP
START GROUP
LOAD c:/st/stm32cubeide_1.10.1/stm32cubeide/plugins/com.st.stm32cube.ide.mcu.externaltools.gnu-tools-for-stm32.10.3-2021.10.win32_1.0.0.202111181127/tools/bin/../lib/gcc/arm-none-eabi/10.3.1/thumb/v7e-m+fp/hard\libgcc.a
LOAD c:/st/stm32cubeide_1.10.1/stm32cubeide/plugins/com.st.stm32cube.ide.mcu.externaltools.gnu-tools-for-stm32.10.3-2021.10.win32_1.0.0.202111181127/tools/bin/../lib/gcc/arm-none-eabi/10.3.1/../../../../arm-none-eabi/lib/thumb/v7e-m+fp/hard\libc_nano.a
END GROUP
START GROUP
LOAD c:/st/stm32cubeide_1.10.1/stm32cubeide/plugins/com.st.stm32cube.ide.mcu.externaltools.gnu-tools-for-stm32.10.3-2021.10.win32_1.0.0.202111181127/tools/bin/../lib/gcc/arm-none-eabi/10.3.1/thumb/v7e-m+fp/hard\libgcc.a
LOAD c:/st/stm32cubeide_1.10.1/stm32cubeide/plugins/com.st.stm32cube.ide.mcu.externaltools.gnu-tools-for-stm32.10.3-2021.10.win32_1.0.0.202111181127/tools/bin/../lib/gcc/arm-none-eabi/10.3.1/../../../../arm-none-eabi/lib/thumb/v7e-m+fp/hard\libc_nano.a
LOAD c:/st/stm32cubeide_1.10.1/stm32cubeide/plugins/com.st.stm32cube.ide.mcu.externaltools.gnu-tools-for-stm32.10.3-2021.10.win32_1.0.0.202111181127/tools/bin/../lib/gcc/arm-none-eabi/10.3.1/../../../../arm-none-eabi/lib/thumb/v7e-m+fp/hard\libnosys.a
END GROUP
START GROUP
LOAD c:/st/stm32cubeide_1.10.1/stm32cubeide/plugins/com.st.stm32cube.ide.mcu.externaltools.gnu-tools-for-stm32.10.3-2021.10.win32_1.0.0.202111181127/tools/bin/../lib/gcc/arm-none-eabi/10.3.1/thumb/v7e-m+fp/hard\libgcc.a
LOAD c:/st/stm32cubeide_1.10.1/stm32cubeide/plugins/com.st.stm32cube.ide.mcu.externaltools.gnu-tools-for-stm32.10.3-2021.10.win32_1.0.0.202111181127/tools/bin/../lib/gcc/arm-none-eabi/10.3.1/../../../../arm-none-eabi/lib/thumb/v7e-m+fp/hard\libc_nano.a
LOAD c:/st/stm32cubeide_1.10.1/stm32cubeide/plugins/com.st.stm32cube.ide.mcu.externaltools.gnu-tools-for-stm32.10.3-2021.10.win32_1.0.0.202111181127/tools/bin/../lib/gcc/arm-none-eabi/10.3.1/../../../../arm-none-eabi/lib/thumb/v7e-m+fp/hard\libnosys.a
END GROUP
LOAD c:/st/stm32cubeide_1.10.1/stm32cubeide/plugins/com.st.stm32cube.ide.mcu.externaltools.gnu-tools-for-stm32.10.3-2021.10.win32_1.0.0.202111181127/tools/bin/../lib/gcc/arm-none-eabi/10.3.1/thumb/v7e-m+fp/hard/crtend.o
LOAD c:/st/stm32cubeide_1.10.1/stm32cubeide/plugins/com.st.stm32cube.ide.mcu.externaltools.gnu-tools-for-stm32.10.3-2021.10.win32_1.0.0.202111181127/tools/bin/../lib/gcc/arm-none-eabi/10.3.1/thumb/v7e-m+fp/hard/crtn.o
                0x0000000020018000                _estack = (ORIGIN (RAM) + LENGTH (RAM))
                0x0000000000000200                _Min_Heap_Size = 0x200
                0x0000000000000400                _Min_Stack_Size = 0x400

.isr_vector     0x0000000008000000      0x194
                0x0000000008000000                . = ALIGN (0x4)
 *(.isr_vector)
 .isr_vector    0x0000000008000000      0x194 ./Startup/startup_stm32f401retx.o
                0x0000000008000000                g_pfnVectors
                0x0000000008000194                . = ALIGN (0x4)

.text           0x0000000008000194     0x1098
                0x0000000008000194                . = ALIGN (0x4)
 *(.text)
 .text          0x0000000008000194       0x40 c:/st/stm32cubeide_1.10.1/stm32cubeide/plugins/com.st.stm32cube.ide.mcu.externaltools.gnu-tools-for-stm32.10.3-2021.10.win32_1.0.0.202111181127/tools/bin/../lib/gcc/arm-none-eabi/10.3.1/thumb/v7e-m+fp/hard/crtbegin.o
 *(.text*)
 .text.NVIC_SetPriority
                0x00000000080001d4       0x54 ./Src/main.o
 .text.SysTick_Config
                0x0000000008000228       0x44 ./Src/main.o
 .text.delay    0x000000000800026c       0x34 ./Src/main.o
                0x000000000800026c                delay
 .text.LedBuzz_Init
                0x00000000080002a0      0x15c ./Src/main.o
                0x00000000080002a0                LedBuzz_Init
 .text.Button_Init
                0x00000000080003fc      0x148 ./Src/main.o
                0x00000000080003fc                Button_Init
 .text.SysTick_Handler
                0x0000000008000544       0x1c ./Src/main.o
                0x0000000008000544                SysTick_Handler
 .text.EXTI4_IRQHandler
                0x0000000008000560       0x3c ./Src/main.o
                0x0000000008000560                EXTI4_IRQHandler
 .text.EXTI3_IRQHandler
                0x000000000800059c       0x3c ./Src/main.o
                0x000000000800059c                EXTI3_IRQHandler
 .text.EXTI0_IRQHandler
                0x00000000080005d8       0x3c ./Src/main.o
                0x00000000080005d8                EXTI0_IRQHandler
 .text.LedControl_SetState1
                0x0000000008000614      0x100 ./Src/main.o
                0x0000000008000614                LedControl_SetState1
 .text.BuzzerControl_SetBeep
                0x0000000008000714       0x48 ./Src/main.o
                0x0000000008000714                BuzzerControl_SetBeep
 .text.CalculatorTime
                0x000000000800075c       0x34 ./Src/main.o
                0x000000000800075c                CalculatorTime
 .text.Blinkled_StatusPower
                0x0000000008000790       0x46 ./Src/main.o
                0x0000000008000790                Blinkled_StatusPower
 .text.LedControl_SetStatus
                0x00000000080007d6       0x4a ./Src/main.o
                0x00000000080007d6                LedControl_SetStatus
 .text.btnB3Scan
                0x0000000008000820       0xa4 ./Src/main.o
                0x0000000008000820                btnB3Scan
 .text.btnB2Scan
                0x00000000080008c4       0xe4 ./Src/main.o
                0x00000000080008c4                btnB2Scan
 .text.btnB4Scan
                0x00000000080009a8       0xe4 ./Src/main.o
                0x00000000080009a8                btnB4Scan
 .text.main     0x0000000008000a8c       0x2c ./Src/main.o
                0x0000000008000a8c                main
 .text.Reset_Handler
                0x0000000008000ab8       0x50 ./Startup/startup_stm32f401retx.o
                0x0000000008000ab8                Reset_Handler
 .text.Default_Handler
                0x0000000008000b08        0x2 ./Startup/startup_stm32f401retx.o
                0x0000000008000b08                EXTI2_IRQHandler
                0x0000000008000b08                DebugMon_Handler
                0x0000000008000b08                SPI4_IRQHandler
                0x0000000008000b08                TIM1_CC_IRQHandler
                0x0000000008000b08                HardFault_Handler
                0x0000000008000b08                SDIO_IRQHandler
                0x0000000008000b08                TAMP_STAMP_IRQHandler
                0x0000000008000b08                PendSV_Handler
                0x0000000008000b08                NMI_Handler
                0x0000000008000b08                TIM1_UP_TIM10_IRQHandler
                0x0000000008000b08                I2C3_ER_IRQHandler
                0x0000000008000b08                EXTI18_OTG_FS_WKUP_IRQHandler
                0x0000000008000b08                I2C2_EV_IRQHandler
                0x0000000008000b08                FPU_IRQHandler
                0x0000000008000b08                UsageFault_Handler
                0x0000000008000b08                SPI1_IRQHandler
                0x0000000008000b08                TIM1_BRK_TIM9_IRQHandler
                0x0000000008000b08                USART6_IRQHandler
                0x0000000008000b08                TIM4_IRQHandler
                0x0000000008000b08                I2C1_EV_IRQHandler
                0x0000000008000b08                TIM3_IRQHandler
                0x0000000008000b08                RCC_IRQHandler
                0x0000000008000b08                Default_Handler
                0x0000000008000b08                EXTI15_10_IRQHandler
                0x0000000008000b08                ADC_IRQHandler
                0x0000000008000b08                TIM5_IRQHandler
                0x0000000008000b08                I2C3_EV_IRQHandler
                0x0000000008000b08                EXTI9_5_IRQHandler
                0x0000000008000b08                SPI2_IRQHandler
                0x0000000008000b08                MemManage_Handler
                0x0000000008000b08                SVC_Handler
                0x0000000008000b08                EXTI22_RTC_WKUP_IRQHandler
                0x0000000008000b08                TIM2_IRQHandler
                0x0000000008000b08                EXTI16_PVD_IRQHandler
                0x0000000008000b08                TIM1_TRG_COM_TIM11_IRQHandler
                0x0000000008000b08                EXTI1_IRQHandler
                0x0000000008000b08                EXTI17_RTC_Alarm_IRQHandler
                0x0000000008000b08                USART2_IRQHandler
                0x0000000008000b08                I2C2_ER_IRQHandler
                0x0000000008000b08                FLASH_IRQHandler
                0x0000000008000b08                BusFault_Handler
                0x0000000008000b08                USART1_IRQHandler
                0x0000000008000b08                OTG_FS_IRQHandler
                0x0000000008000b08                SPI3_IRQHandler
                0x0000000008000b08                I2C1_ER_IRQHandler
 *fill*         0x0000000008000b0a        0x2 
 .text.SystemInit
                0x0000000008000b0c       0x6c D:\Lap Trinh\lap trinh\embedded\SDK_1.0.3_NUCLEO-F401RE\lib_stm\libLibraries.a(system_stm32f4xx.o)
                0x0000000008000b0c                SystemInit
 .text.SystemCoreClockUpdate
                0x0000000008000b78       0xf8 D:\Lap Trinh\lap trinh\embedded\SDK_1.0.3_NUCLEO-F401RE\lib_stm\libLibraries.a(system_stm32f4xx.o)
                0x0000000008000b78                SystemCoreClockUpdate
 .text.SetSysClock
                0x0000000008000c70       0xa0 D:\Lap Trinh\lap trinh\embedded\SDK_1.0.3_NUCLEO-F401RE\lib_stm\libLibraries.a(system_stm32f4xx.o)
 .text.NVIC_Init
                0x0000000008000d10       0xc4 D:\Lap Trinh\lap trinh\embedded\SDK_1.0.3_NUCLEO-F401RE\lib_stm\libLibraries.a(misc.o)
                0x0000000008000d10                NVIC_Init
 .text.EXTI_Init
                0x0000000008000dd4       0xe4 D:\Lap Trinh\lap trinh\embedded\SDK_1.0.3_NUCLEO-F401RE\lib_stm\libLibraries.a(stm32f401re_exti.o)
                0x0000000008000dd4                EXTI_Init
 .text.EXTI_GetFlagStatus
                0x0000000008000eb8       0x34 D:\Lap Trinh\lap trinh\embedded\SDK_1.0.3_NUCLEO-F401RE\lib_stm\libLibraries.a(stm32f401re_exti.o)
                0x0000000008000eb8                EXTI_GetFlagStatus
 .text.EXTI_ClearITPendingBit
                0x0000000008000eec       0x20 D:\Lap Trinh\lap trinh\embedded\SDK_1.0.3_NUCLEO-F401RE\lib_stm\libLibraries.a(stm32f401re_exti.o)
                0x0000000008000eec                EXTI_ClearITPendingBit
 .text.GPIO_Init
                0x0000000008000f0c      0x11c D:\Lap Trinh\lap trinh\embedded\SDK_1.0.3_NUCLEO-F401RE\lib_stm\libLibraries.a(stm32f401re_gpio.o)
                0x0000000008000f0c                GPIO_Init
 .text.GPIO_ReadInputDataBit
                0x0000000008001028       0x34 D:\Lap Trinh\lap trinh\embedded\SDK_1.0.3_NUCLEO-F401RE\lib_stm\libLibraries.a(stm32f401re_gpio.o)
                0x0000000008001028                GPIO_ReadInputDataBit
 .text.GPIO_SetBits
                0x000000000800105c       0x1e D:\Lap Trinh\lap trinh\embedded\SDK_1.0.3_NUCLEO-F401RE\lib_stm\libLibraries.a(stm32f401re_gpio.o)
                0x000000000800105c                GPIO_SetBits
 .text.GPIO_ResetBits
                0x000000000800107a       0x1e D:\Lap Trinh\lap trinh\embedded\SDK_1.0.3_NUCLEO-F401RE\lib_stm\libLibraries.a(stm32f401re_gpio.o)
                0x000000000800107a                GPIO_ResetBits
 .text.GPIO_WriteBit
                0x0000000008001098       0x30 D:\Lap Trinh\lap trinh\embedded\SDK_1.0.3_NUCLEO-F401RE\lib_stm\libLibraries.a(stm32f401re_gpio.o)
                0x0000000008001098                GPIO_WriteBit
 .text.RCC_AHB1PeriphClockCmd
                0x00000000080010c8       0x40 D:\Lap Trinh\lap trinh\embedded\SDK_1.0.3_NUCLEO-F401RE\lib_stm\libLibraries.a(stm32f401re_rcc.o)
                0x00000000080010c8                RCC_AHB1PeriphClockCmd
 .text.RCC_APB2PeriphClockCmd
                0x0000000008001108       0x40 D:\Lap Trinh\lap trinh\embedded\SDK_1.0.3_NUCLEO-F401RE\lib_stm\libLibraries.a(stm32f401re_rcc.o)
                0x0000000008001108                RCC_APB2PeriphClockCmd
 .text.SYSCFG_EXTILineConfig
                0x0000000008001148       0x84 D:\Lap Trinh\lap trinh\embedded\SDK_1.0.3_NUCLEO-F401RE\lib_stm\libLibraries.a(stm32f401re_syscfg.o)
                0x0000000008001148                SYSCFG_EXTILineConfig
 .text.__libc_init_array
                0x00000000080011cc       0x48 c:/st/stm32cubeide_1.10.1/stm32cubeide/plugins/com.st.stm32cube.ide.mcu.externaltools.gnu-tools-for-stm32.10.3-2021.10.win32_1.0.0.202111181127/tools/bin/../lib/gcc/arm-none-eabi/10.3.1/../../../../arm-none-eabi/lib/thumb/v7e-m+fp/hard\libc_nano.a(lib_a-init.o)
                0x00000000080011cc                __libc_init_array
 *(.glue_7)
 .glue_7        0x0000000008001214        0x0 linker stubs
 *(.glue_7t)
 .glue_7t       0x0000000008001214        0x0 linker stubs
 *(.eh_frame)
 .eh_frame      0x0000000008001214        0x0 c:/st/stm32cubeide_1.10.1/stm32cubeide/plugins/com.st.stm32cube.ide.mcu.externaltools.gnu-tools-for-stm32.10.3-2021.10.win32_1.0.0.202111181127/tools/bin/../lib/gcc/arm-none-eabi/10.3.1/thumb/v7e-m+fp/hard/crtbegin.o
 *(.init)
 .init          0x0000000008001214        0x4 c:/st/stm32cubeide_1.10.1/stm32cubeide/plugins/com.st.stm32cube.ide.mcu.externaltools.gnu-tools-for-stm32.10.3-2021.10.win32_1.0.0.202111181127/tools/bin/../lib/gcc/arm-none-eabi/10.3.1/thumb/v7e-m+fp/hard/crti.o
                0x0000000008001214                _init
 .init          0x0000000008001218        0x8 c:/st/stm32cubeide_1.10.1/stm32cubeide/plugins/com.st.stm32cube.ide.mcu.externaltools.gnu-tools-for-stm32.10.3-2021.10.win32_1.0.0.202111181127/tools/bin/../lib/gcc/arm-none-eabi/10.3.1/thumb/v7e-m+fp/hard/crtn.o
 *(.fini)
 .fini          0x0000000008001220        0x4 c:/st/stm32cubeide_1.10.1/stm32cubeide/plugins/com.st.stm32cube.ide.mcu.externaltools.gnu-tools-for-stm32.10.3-2021.10.win32_1.0.0.202111181127/tools/bin/../lib/gcc/arm-none-eabi/10.3.1/thumb/v7e-m+fp/hard/crti.o
                0x0000000008001220                _fini
 .fini          0x0000000008001224        0x8 c:/st/stm32cubeide_1.10.1/stm32cubeide/plugins/com.st.stm32cube.ide.mcu.externaltools.gnu-tools-for-stm32.10.3-2021.10.win32_1.0.0.202111181127/tools/bin/../lib/gcc/arm-none-eabi/10.3.1/thumb/v7e-m+fp/hard/crtn.o
                0x000000000800122c                . = ALIGN (0x4)
                0x000000000800122c                _etext = .

.vfp11_veneer   0x000000000800122c        0x0
 .vfp11_veneer  0x000000000800122c        0x0 linker stubs

.v4_bx          0x000000000800122c        0x0
 .v4_bx         0x000000000800122c        0x0 linker stubs

.iplt           0x000000000800122c        0x0
 .iplt          0x000000000800122c        0x0 c:/st/stm32cubeide_1.10.1/stm32cubeide/plugins/com.st.stm32cube.ide.mcu.externaltools.gnu-tools-for-stm32.10.3-2021.10.win32_1.0.0.202111181127/tools/bin/../lib/gcc/arm-none-eabi/10.3.1/thumb/v7e-m+fp/hard/crtbegin.o

.rodata         0x000000000800122c       0x30
                0x000000000800122c                . = ALIGN (0x4)
 *(.rodata)
 .rodata        0x000000000800122c       0x30 ./Src/main.o
 *(.rodata*)
                0x000000000800125c                . = ALIGN (0x4)

.rel.dyn        0x000000000800125c        0x0
 .rel.iplt      0x000000000800125c        0x0 c:/st/stm32cubeide_1.10.1/stm32cubeide/plugins/com.st.stm32cube.ide.mcu.externaltools.gnu-tools-for-stm32.10.3-2021.10.win32_1.0.0.202111181127/tools/bin/../lib/gcc/arm-none-eabi/10.3.1/thumb/v7e-m+fp/hard/crtbegin.o

.ARM.extab      0x000000000800125c        0x0
                0x000000000800125c                . = ALIGN (0x4)
 *(.ARM.extab* .gnu.linkonce.armextab.*)
                0x000000000800125c                . = ALIGN (0x4)

.ARM            0x000000000800125c        0x0
                0x000000000800125c                . = ALIGN (0x4)
                0x000000000800125c                __exidx_start = .
 *(.ARM.exidx*)
                0x000000000800125c                __exidx_end = .
                0x000000000800125c                . = ALIGN (0x4)

.preinit_array  0x000000000800125c        0x0
                0x000000000800125c                . = ALIGN (0x4)
                0x000000000800125c                PROVIDE (__preinit_array_start = .)
 *(.preinit_array*)
                0x000000000800125c                PROVIDE (__preinit_array_end = .)
                0x000000000800125c                . = ALIGN (0x4)

.init_array     0x000000000800125c        0x4
                0x000000000800125c                . = ALIGN (0x4)
                0x000000000800125c                PROVIDE (__init_array_start = .)
 *(SORT_BY_NAME(.init_array.*))
 *(.init_array*)
 .init_array    0x000000000800125c        0x4 c:/st/stm32cubeide_1.10.1/stm32cubeide/plugins/com.st.stm32cube.ide.mcu.externaltools.gnu-tools-for-stm32.10.3-2021.10.win32_1.0.0.202111181127/tools/bin/../lib/gcc/arm-none-eabi/10.3.1/thumb/v7e-m+fp/hard/crtbegin.o
                0x0000000008001260                PROVIDE (__init_array_end = .)
                0x0000000008001260                . = ALIGN (0x4)

.fini_array     0x0000000008001260        0x4
                0x0000000008001260                . = ALIGN (0x4)
                [!provide]                        PROVIDE (__fini_array_start = .)
 *(SORT_BY_NAME(.fini_array.*))
 *(.fini_array*)
 .fini_array    0x0000000008001260        0x4 c:/st/stm32cubeide_1.10.1/stm32cubeide/plugins/com.st.stm32cube.ide.mcu.externaltools.gnu-tools-for-stm32.10.3-2021.10.win32_1.0.0.202111181127/tools/bin/../lib/gcc/arm-none-eabi/10.3.1/thumb/v7e-m+fp/hard/crtbegin.o
                [!provide]                        PROVIDE (__fini_array_end = .)
                0x0000000008001264                . = ALIGN (0x4)
                0x0000000008001264                _sidata = LOADADDR (.data)

.data           0x0000000020000000       0x14 load address 0x0000000008001264
                0x0000000020000000                . = ALIGN (0x4)
                0x0000000020000000                _sdata = .
 *(.data)
 *(.data*)
 .data.SystemCoreClock
                0x0000000020000000        0x4 D:\Lap Trinh\lap trinh\embedded\SDK_1.0.3_NUCLEO-F401RE\lib_stm\libLibraries.a(system_stm32f4xx.o)
                0x0000000020000000                SystemCoreClock
 .data.AHBPrescTable
                0x0000000020000004       0x10 D:\Lap Trinh\lap trinh\embedded\SDK_1.0.3_NUCLEO-F401RE\lib_stm\libLibraries.a(system_stm32f4xx.o)
                0x0000000020000004                AHBPrescTable
 *(.RamFunc)
 *(.RamFunc*)
                0x0000000020000014                . = ALIGN (0x4)
                0x0000000020000014                _edata = .

.igot.plt       0x0000000020000014        0x0 load address 0x0000000008001278
 .igot.plt      0x0000000020000014        0x0 c:/st/stm32cubeide_1.10.1/stm32cubeide/plugins/com.st.stm32cube.ide.mcu.externaltools.gnu-tools-for-stm32.10.3-2021.10.win32_1.0.0.202111181127/tools/bin/../lib/gcc/arm-none-eabi/10.3.1/thumb/v7e-m+fp/hard/crtbegin.o
                0x0000000020000014                . = ALIGN (0x4)

.bss            0x0000000020000014       0x44 load address 0x0000000008001278
                0x0000000020000014                _sbss = .
                0x0000000020000014                __bss_start__ = _sbss
 *(.bss)
 .bss           0x0000000020000014       0x1c c:/st/stm32cubeide_1.10.1/stm32cubeide/plugins/com.st.stm32cube.ide.mcu.externaltools.gnu-tools-for-stm32.10.3-2021.10.win32_1.0.0.202111181127/tools/bin/../lib/gcc/arm-none-eabi/10.3.1/thumb/v7e-m+fp/hard/crtbegin.o
 *(.bss*)
 .bss.B3Cnt     0x0000000020000030        0x1 ./Src/main.o
 *fill*         0x0000000020000031        0x3 
 .bss.B3time    0x0000000020000034        0x4 ./Src/main.o
 .bss.B2Cnt     0x0000000020000038        0x1 ./Src/main.o
 *fill*         0x0000000020000039        0x3 
 .bss.B2time    0x000000002000003c        0x4 ./Src/main.o
 .bss.B4Cnt     0x0000000020000040        0x1 ./Src/main.o
 *fill*         0x0000000020000041        0x3 
 .bss.B4time    0x0000000020000044        0x4 ./Src/main.o
 .bss.miliSecs  0x0000000020000048        0x4 ./Src/main.o
 .bss.B3TimeRelease
                0x000000002000004c        0x4 ./Src/main.o
 .bss.B2TimeRelease
                0x0000000020000050        0x4 ./Src/main.o
 .bss.B4TimeRelease
                0x0000000020000054        0x4 ./Src/main.o
 *(COMMON)
                0x0000000020000058                . = ALIGN (0x4)
                0x0000000020000058                _ebss = .
                0x0000000020000058                __bss_end__ = _ebss

._user_heap_stack
                0x0000000020000058      0x600 load address 0x0000000008001278
                0x0000000020000058                . = ALIGN (0x8)
                [!provide]                        PROVIDE (end = .)
                0x0000000020000058                PROVIDE (_end = .)
                0x0000000020000258                . = (. + _Min_Heap_Size)
 *fill*         0x0000000020000058      0x200 
                0x0000000020000658                . = (. + _Min_Stack_Size)
 *fill*         0x0000000020000258      0x400 
                0x0000000020000658                . = ALIGN (0x8)

/DISCARD/
 libc.a(*)
 libm.a(*)
 libgcc.a(*)

.ARM.attributes
                0x0000000000000000       0x30
 *(.ARM.attributes)
 .ARM.attributes
                0x0000000000000000       0x1e c:/st/stm32cubeide_1.10.1/stm32cubeide/plugins/com.st.stm32cube.ide.mcu.externaltools.gnu-tools-for-stm32.10.3-2021.10.win32_1.0.0.202111181127/tools/bin/../lib/gcc/arm-none-eabi/10.3.1/thumb/v7e-m+fp/hard/crti.o
 .ARM.attributes
                0x000000000000001e       0x34 c:/st/stm32cubeide_1.10.1/stm32cubeide/plugins/com.st.stm32cube.ide.mcu.externaltools.gnu-tools-for-stm32.10.3-2021.10.win32_1.0.0.202111181127/tools/bin/../lib/gcc/arm-none-eabi/10.3.1/thumb/v7e-m+fp/hard/crtbegin.o
 .ARM.attributes
                0x0000000000000052       0x34 ./Src/main.o
 .ARM.attributes
                0x0000000000000086       0x21 ./Startup/startup_stm32f401retx.o
 .ARM.attributes
                0x00000000000000a7       0x39 D:\Lap Trinh\lap trinh\embedded\SDK_1.0.3_NUCLEO-F401RE\lib_stm\libLibraries.a(system_stm32f4xx.o)
 .ARM.attributes
                0x00000000000000e0       0x39 D:\Lap Trinh\lap trinh\embedded\SDK_1.0.3_NUCLEO-F401RE\lib_stm\libLibraries.a(misc.o)
 .ARM.attributes
                0x0000000000000119       0x39 D:\Lap Trinh\lap trinh\embedded\SDK_1.0.3_NUCLEO-F401RE\lib_stm\libLibraries.a(stm32f401re_exti.o)
 .ARM.attributes
                0x0000000000000152       0x39 D:\Lap Trinh\lap trinh\embedded\SDK_1.0.3_NUCLEO-F401RE\lib_stm\libLibraries.a(stm32f401re_gpio.o)
 .ARM.attributes
                0x000000000000018b       0x39 D:\Lap Trinh\lap trinh\embedded\SDK_1.0.3_NUCLEO-F401RE\lib_stm\libLibraries.a(stm32f401re_rcc.o)
 .ARM.attributes
                0x00000000000001c4       0x39 D:\Lap Trinh\lap trinh\embedded\SDK_1.0.3_NUCLEO-F401RE\lib_stm\libLibraries.a(stm32f401re_syscfg.o)
 .ARM.attributes
                0x00000000000001fd       0x34 c:/st/stm32cubeide_1.10.1/stm32cubeide/plugins/com.st.stm32cube.ide.mcu.externaltools.gnu-tools-for-stm32.10.3-2021.10.win32_1.0.0.202111181127/tools/bin/../lib/gcc/arm-none-eabi/10.3.1/../../../../arm-none-eabi/lib/thumb/v7e-m+fp/hard\libc_nano.a(lib_a-init.o)
 .ARM.attributes
                0x0000000000000231       0x1e c:/st/stm32cubeide_1.10.1/stm32cubeide/plugins/com.st.stm32cube.ide.mcu.externaltools.gnu-tools-for-stm32.10.3-2021.10.win32_1.0.0.202111181127/tools/bin/../lib/gcc/arm-none-eabi/10.3.1/thumb/v7e-m+fp/hard/crtn.o
OUTPUT(TS_CURTAIN_MCU_V1.0.0.elf elf32-littlearm)
LOAD linker stubs
LOAD c:/st/stm32cubeide_1.10.1/stm32cubeide/plugins/com.st.stm32cube.ide.mcu.externaltools.gnu-tools-for-stm32.10.3-2021.10.win32_1.0.0.202111181127/tools/bin/../lib/gcc/arm-none-eabi/10.3.1/../../../../arm-none-eabi/lib/thumb/v7e-m+fp/hard\libc.a
LOAD c:/st/stm32cubeide_1.10.1/stm32cubeide/plugins/com.st.stm32cube.ide.mcu.externaltools.gnu-tools-for-stm32.10.3-2021.10.win32_1.0.0.202111181127/tools/bin/../lib/gcc/arm-none-eabi/10.3.1/../../../../arm-none-eabi/lib/thumb/v7e-m+fp/hard\libm.a
LOAD c:/st/stm32cubeide_1.10.1/stm32cubeide/plugins/com.st.stm32cube.ide.mcu.externaltools.gnu-tools-for-stm32.10.3-2021.10.win32_1.0.0.202111181127/tools/bin/../lib/gcc/arm-none-eabi/10.3.1/thumb/v7e-m+fp/hard\libgcc.a

.debug_info     0x0000000000000000     0x33bb
 .debug_info    0x0000000000000000      0xf0c ./Src/main.o
 .debug_info    0x0000000000000f0c       0x22 ./Startup/startup_stm32f401retx.o
 .debug_info    0x0000000000000f2e      0x5bb D:\Lap Trinh\lap trinh\embedded\SDK_1.0.3_NUCLEO-F401RE\lib_stm\libLibraries.a(system_stm32f4xx.o)
 .debug_info    0x00000000000014e9      0x54b D:\Lap Trinh\lap trinh\embedded\SDK_1.0.3_NUCLEO-F401RE\lib_stm\libLibraries.a(misc.o)
 .debug_info    0x0000000000001a34      0x358 D:\Lap Trinh\lap trinh\embedded\SDK_1.0.3_NUCLEO-F401RE\lib_stm\libLibraries.a(stm32f401re_exti.o)
 .debug_info    0x0000000000001d8c      0x62b D:\Lap Trinh\lap trinh\embedded\SDK_1.0.3_NUCLEO-F401RE\lib_stm\libLibraries.a(stm32f401re_gpio.o)
 .debug_info    0x00000000000023b7      0xd5e D:\Lap Trinh\lap trinh\embedded\SDK_1.0.3_NUCLEO-F401RE\lib_stm\libLibraries.a(stm32f401re_rcc.o)
 .debug_info    0x0000000000003115      0x2a6 D:\Lap Trinh\lap trinh\embedded\SDK_1.0.3_NUCLEO-F401RE\lib_stm\libLibraries.a(stm32f401re_syscfg.o)

.debug_abbrev   0x0000000000000000      0xca4
 .debug_abbrev  0x0000000000000000      0x342 ./Src/main.o
 .debug_abbrev  0x0000000000000342       0x12 ./Startup/startup_stm32f401retx.o
 .debug_abbrev  0x0000000000000354      0x138 D:\Lap Trinh\lap trinh\embedded\SDK_1.0.3_NUCLEO-F401RE\lib_stm\libLibraries.a(system_stm32f4xx.o)
 .debug_abbrev  0x000000000000048c      0x177 D:\Lap Trinh\lap trinh\embedded\SDK_1.0.3_NUCLEO-F401RE\lib_stm\libLibraries.a(misc.o)
 .debug_abbrev  0x0000000000000603      0x1c3 D:\Lap Trinh\lap trinh\embedded\SDK_1.0.3_NUCLEO-F401RE\lib_stm\libLibraries.a(stm32f401re_exti.o)
 .debug_abbrev  0x00000000000007c6      0x1bf D:\Lap Trinh\lap trinh\embedded\SDK_1.0.3_NUCLEO-F401RE\lib_stm\libLibraries.a(stm32f401re_gpio.o)
 .debug_abbrev  0x0000000000000985      0x1d4 D:\Lap Trinh\lap trinh\embedded\SDK_1.0.3_NUCLEO-F401RE\lib_stm\libLibraries.a(stm32f401re_rcc.o)
 .debug_abbrev  0x0000000000000b59      0x14b D:\Lap Trinh\lap trinh\embedded\SDK_1.0.3_NUCLEO-F401RE\lib_stm\libLibraries.a(stm32f401re_syscfg.o)

.debug_aranges  0x0000000000000000      0x408
 .debug_aranges
                0x0000000000000000       0xa8 ./Src/main.o
 .debug_aranges
                0x00000000000000a8       0x28 ./Startup/startup_stm32f401retx.o
 .debug_aranges
                0x00000000000000d0       0x30 D:\Lap Trinh\lap trinh\embedded\SDK_1.0.3_NUCLEO-F401RE\lib_stm\libLibraries.a(system_stm32f4xx.o)
 .debug_aranges
                0x0000000000000100       0x40 D:\Lap Trinh\lap trinh\embedded\SDK_1.0.3_NUCLEO-F401RE\lib_stm\libLibraries.a(misc.o)
 .debug_aranges
                0x0000000000000140       0x58 D:\Lap Trinh\lap trinh\embedded\SDK_1.0.3_NUCLEO-F401RE\lib_stm\libLibraries.a(stm32f401re_exti.o)
 .debug_aranges
                0x0000000000000198       0x88 D:\Lap Trinh\lap trinh\embedded\SDK_1.0.3_NUCLEO-F401RE\lib_stm\libLibraries.a(stm32f401re_gpio.o)
 .debug_aranges
                0x0000000000000220      0x198 D:\Lap Trinh\lap trinh\embedded\SDK_1.0.3_NUCLEO-F401RE\lib_stm\libLibraries.a(stm32f401re_rcc.o)
 .debug_aranges
                0x00000000000003b8       0x50 D:\Lap Trinh\lap trinh\embedded\SDK_1.0.3_NUCLEO-F401RE\lib_stm\libLibraries.a(stm32f401re_syscfg.o)

.debug_ranges   0x0000000000000000      0x390
 .debug_ranges  0x0000000000000000       0x98 ./Src/main.o
 .debug_ranges  0x0000000000000098       0x20 ./Startup/startup_stm32f401retx.o
 .debug_ranges  0x00000000000000b8       0x20 D:\Lap Trinh\lap trinh\embedded\SDK_1.0.3_NUCLEO-F401RE\lib_stm\libLibraries.a(system_stm32f4xx.o)
 .debug_ranges  0x00000000000000d8       0x30 D:\Lap Trinh\lap trinh\embedded\SDK_1.0.3_NUCLEO-F401RE\lib_stm\libLibraries.a(misc.o)
 .debug_ranges  0x0000000000000108       0x48 D:\Lap Trinh\lap trinh\embedded\SDK_1.0.3_NUCLEO-F401RE\lib_stm\libLibraries.a(stm32f401re_exti.o)
 .debug_ranges  0x0000000000000150       0x78 D:\Lap Trinh\lap trinh\embedded\SDK_1.0.3_NUCLEO-F401RE\lib_stm\libLibraries.a(stm32f401re_gpio.o)
 .debug_ranges  0x00000000000001c8      0x188 D:\Lap Trinh\lap trinh\embedded\SDK_1.0.3_NUCLEO-F401RE\lib_stm\libLibraries.a(stm32f401re_rcc.o)
 .debug_ranges  0x0000000000000350       0x40 D:\Lap Trinh\lap trinh\embedded\SDK_1.0.3_NUCLEO-F401RE\lib_stm\libLibraries.a(stm32f401re_syscfg.o)

.debug_macro    0x0000000000000000     0xc75b
 .debug_macro   0x0000000000000000      0x1a3 ./Src/main.o
 .debug_macro   0x00000000000001a3      0xa84 ./Src/main.o
 .debug_macro   0x0000000000000c27       0x22 ./Src/main.o
 .debug_macro   0x0000000000000c49       0x8e ./Src/main.o
 .debug_macro   0x0000000000000cd7       0x51 ./Src/main.o
 .debug_macro   0x0000000000000d28      0x103 ./Src/main.o
 .debug_macro   0x0000000000000e2b       0x6a ./Src/main.o
 .debug_macro   0x0000000000000e95      0x1df ./Src/main.o
 .debug_macro   0x0000000000001074       0x6b ./Src/main.o
 .debug_macro   0x00000000000010df       0x3b ./Src/main.o
 .debug_macro   0x000000000000111a       0x34 ./Src/main.o
 .debug_macro   0x000000000000114e       0x26 ./Src/main.o
 .debug_macro   0x0000000000001174      0xe43 ./Src/main.o
 .debug_macro   0x0000000000001fb7     0x8018 ./Src/main.o
 .debug_macro   0x0000000000009fcf       0x7c ./Src/main.o
 .debug_macro   0x000000000000a04b      0x64a ./Src/main.o
 .debug_macro   0x000000000000a695      0x2f4 ./Src/main.o
 .debug_macro   0x000000000000a989       0xb6 ./Src/main.o
 .debug_macro   0x000000000000aa3f      0x10d ./Src/main.o
 .debug_macro   0x000000000000ab4c       0xce D:\Lap Trinh\lap trinh\embedded\SDK_1.0.3_NUCLEO-F401RE\lib_stm\libLibraries.a(system_stm32f4xx.o)
 .debug_macro   0x000000000000ac1a      0xa66 D:\Lap Trinh\lap trinh\embedded\SDK_1.0.3_NUCLEO-F401RE\lib_stm\libLibraries.a(system_stm32f4xx.o)
 .debug_macro   0x000000000000b680       0x22 D:\Lap Trinh\lap trinh\embedded\SDK_1.0.3_NUCLEO-F401RE\lib_stm\libLibraries.a(system_stm32f4xx.o)
 .debug_macro   0x000000000000b6a2       0xef D:\Lap Trinh\lap trinh\embedded\SDK_1.0.3_NUCLEO-F401RE\lib_stm\libLibraries.a(system_stm32f4xx.o)
 .debug_macro   0x000000000000b791       0xc0 D:\Lap Trinh\lap trinh\embedded\SDK_1.0.3_NUCLEO-F401RE\lib_stm\libLibraries.a(misc.o)
 .debug_macro   0x000000000000b851       0xc0 D:\Lap Trinh\lap trinh\embedded\SDK_1.0.3_NUCLEO-F401RE\lib_stm\libLibraries.a(stm32f401re_exti.o)
 .debug_macro   0x000000000000b911       0xb0 D:\Lap Trinh\lap trinh\embedded\SDK_1.0.3_NUCLEO-F401RE\lib_stm\libLibraries.a(stm32f401re_exti.o)
 .debug_macro   0x000000000000b9c1       0xc3 D:\Lap Trinh\lap trinh\embedded\SDK_1.0.3_NUCLEO-F401RE\lib_stm\libLibraries.a(stm32f401re_gpio.o)
 .debug_macro   0x000000000000ba84      0x2ee D:\Lap Trinh\lap trinh\embedded\SDK_1.0.3_NUCLEO-F401RE\lib_stm\libLibraries.a(stm32f401re_gpio.o)
 .debug_macro   0x000000000000bd72      0x18d D:\Lap Trinh\lap trinh\embedded\SDK_1.0.3_NUCLEO-F401RE\lib_stm\libLibraries.a(stm32f401re_rcc.o)
 .debug_macro   0x000000000000beff      0x644 D:\Lap Trinh\lap trinh\embedded\SDK_1.0.3_NUCLEO-F401RE\lib_stm\libLibraries.a(stm32f401re_rcc.o)
 .debug_macro   0x000000000000c543      0x111 D:\Lap Trinh\lap trinh\embedded\SDK_1.0.3_NUCLEO-F401RE\lib_stm\libLibraries.a(stm32f401re_syscfg.o)
 .debug_macro   0x000000000000c654      0x107 D:\Lap Trinh\lap trinh\embedded\SDK_1.0.3_NUCLEO-F401RE\lib_stm\libLibraries.a(stm32f401re_syscfg.o)

.debug_line     0x0000000000000000     0x2dd7
 .debug_line    0x0000000000000000      0x9a2 ./Src/main.o
 .debug_line    0x00000000000009a2       0x84 ./Startup/startup_stm32f401retx.o
 .debug_line    0x0000000000000a26      0x4a0 D:\Lap Trinh\lap trinh\embedded\SDK_1.0.3_NUCLEO-F401RE\lib_stm\libLibraries.a(system_stm32f4xx.o)
 .debug_line    0x0000000000000ec6      0x515 D:\Lap Trinh\lap trinh\embedded\SDK_1.0.3_NUCLEO-F401RE\lib_stm\libLibraries.a(misc.o)
 .debug_line    0x00000000000013db      0x571 D:\Lap Trinh\lap trinh\embedded\SDK_1.0.3_NUCLEO-F401RE\lib_stm\libLibraries.a(stm32f401re_exti.o)
 .debug_line    0x000000000000194c      0x65e D:\Lap Trinh\lap trinh\embedded\SDK_1.0.3_NUCLEO-F401RE\lib_stm\libLibraries.a(stm32f401re_gpio.o)
 .debug_line    0x0000000000001faa      0x8d2 D:\Lap Trinh\lap trinh\embedded\SDK_1.0.3_NUCLEO-F401RE\lib_stm\libLibraries.a(stm32f401re_rcc.o)
 .debug_line    0x000000000000287c      0x55b D:\Lap Trinh\lap trinh\embedded\SDK_1.0.3_NUCLEO-F401RE\lib_stm\libLibraries.a(stm32f401re_syscfg.o)

.debug_str      0x0000000000000000    0x3e0b7
 .debug_str     0x0000000000000000    0x3c74f ./Src/main.o
                                      0x3c94b (size before relaxing)
 .debug_str     0x000000000003c74f       0x31 ./Startup/startup_stm32f401retx.o
                                         0x6c (size before relaxing)
 .debug_str     0x000000000003c780      0x64a D:\Lap Trinh\lap trinh\embedded\SDK_1.0.3_NUCLEO-F401RE\lib_stm\libLibraries.a(system_stm32f4xx.o)
                                      0x3583e (size before relaxing)
 .debug_str     0x000000000003cdca      0x12f D:\Lap Trinh\lap trinh\embedded\SDK_1.0.3_NUCLEO-F401RE\lib_stm\libLibraries.a(misc.o)
                                      0x35d12 (size before relaxing)
 .debug_str     0x000000000003cef9       0xed D:\Lap Trinh\lap trinh\embedded\SDK_1.0.3_NUCLEO-F401RE\lib_stm\libLibraries.a(stm32f401re_exti.o)
                                      0x35edf (size before relaxing)
 .debug_str     0x000000000003cfe6      0x12c D:\Lap Trinh\lap trinh\embedded\SDK_1.0.3_NUCLEO-F401RE\lib_stm\libLibraries.a(stm32f401re_gpio.o)
                                      0x3a690 (size before relaxing)
 .debug_str     0x000000000003d112      0xb99 D:\Lap Trinh\lap trinh\embedded\SDK_1.0.3_NUCLEO-F401RE\lib_stm\libLibraries.a(stm32f401re_rcc.o)
                                      0x39aa1 (size before relaxing)
 .debug_str     0x000000000003dcab      0x40c D:\Lap Trinh\lap trinh\embedded\SDK_1.0.3_NUCLEO-F401RE\lib_stm\libLibraries.a(stm32f401re_syscfg.o)
                                      0x39bb1 (size before relaxing)

.comment        0x0000000000000000       0xcb
 .comment       0x0000000000000000       0x50 ./Src/main.o
                                         0x51 (size before relaxing)
 .comment       0x0000000000000050       0x7b D:\Lap Trinh\lap trinh\embedded\SDK_1.0.3_NUCLEO-F401RE\lib_stm\libLibraries.a(system_stm32f4xx.o)
                                         0x7c (size before relaxing)
 .comment       0x00000000000000cb       0x7c D:\Lap Trinh\lap trinh\embedded\SDK_1.0.3_NUCLEO-F401RE\lib_stm\libLibraries.a(misc.o)
 .comment       0x00000000000000cb       0x7c D:\Lap Trinh\lap trinh\embedded\SDK_1.0.3_NUCLEO-F401RE\lib_stm\libLibraries.a(stm32f401re_exti.o)
 .comment       0x00000000000000cb       0x7c D:\Lap Trinh\lap trinh\embedded\SDK_1.0.3_NUCLEO-F401RE\lib_stm\libLibraries.a(stm32f401re_gpio.o)
 .comment       0x00000000000000cb       0x7c D:\Lap Trinh\lap trinh\embedded\SDK_1.0.3_NUCLEO-F401RE\lib_stm\libLibraries.a(stm32f401re_rcc.o)
 .comment       0x00000000000000cb       0x7c D:\Lap Trinh\lap trinh\embedded\SDK_1.0.3_NUCLEO-F401RE\lib_stm\libLibraries.a(stm32f401re_syscfg.o)

.debug_frame    0x0000000000000000      0xff4
 .debug_frame   0x0000000000000000      0x268 ./Src/main.o
 .debug_frame   0x0000000000000268       0x74 D:\Lap Trinh\lap trinh\embedded\SDK_1.0.3_NUCLEO-F401RE\lib_stm\libLibraries.a(system_stm32f4xx.o)
 .debug_frame   0x00000000000002dc       0xd8 D:\Lap Trinh\lap trinh\embedded\SDK_1.0.3_NUCLEO-F401RE\lib_stm\libLibraries.a(misc.o)
 .debug_frame   0x00000000000003b4      0x148 D:\Lap Trinh\lap trinh\embedded\SDK_1.0.3_NUCLEO-F401RE\lib_stm\libLibraries.a(stm32f401re_exti.o)
 .debug_frame   0x00000000000004fc      0x23c D:\Lap Trinh\lap trinh\embedded\SDK_1.0.3_NUCLEO-F401RE\lib_stm\libLibraries.a(stm32f401re_gpio.o)
 .debug_frame   0x0000000000000738      0x774 D:\Lap Trinh\lap trinh\embedded\SDK_1.0.3_NUCLEO-F401RE\lib_stm\libLibraries.a(stm32f401re_rcc.o)
 .debug_frame   0x0000000000000eac      0x11c D:\Lap Trinh\lap trinh\embedded\SDK_1.0.3_NUCLEO-F401RE\lib_stm\libLibraries.a(stm32f401re_syscfg.o)
 .debug_frame   0x0000000000000fc8       0x2c c:/st/stm32cubeide_1.10.1/stm32cubeide/plugins/com.st.stm32cube.ide.mcu.externaltools.gnu-tools-for-stm32.10.3-2021.10.win32_1.0.0.202111181127/tools/bin/../lib/gcc/arm-none-eabi/10.3.1/../../../../arm-none-eabi/lib/thumb/v7e-m+fp/hard\libc_nano.a(lib_a-init.o)
