D:/Lap Trinh/lap trinh/embedded/SDK_1.0.3_NUCLEO-F401RE/shared/Drivers/CMSIS/Include/core_cm4.h:1629:22:NVIC_SetPriority	16	static
D:/Lap Trinh/lap trinh/embedded/SDK_1.0.3_NUCLEO-F401RE/shared/Drivers/CMSIS/Include/core_cm4.h:1760:26:SysTick_Config	16	static
../Src/main.c:115:6:delay	24	static
../Src/main.c:133:6:LedBuzz_Init	72	static
../Src/main.c:234:6:Button_Init	72	static
../Src/main.c:332:6:SysTick_Handler	4	static
../Src/main.c:345:6:EXTI4_IRQHandler	8	static
../Src/main.c:363:6:EXTI3_IRQHandler	8	static
../Src/main.c:381:6:EXTI0_IRQHandler	8	static
../Src/main.c:406:6:LedControl_SetState1	72	static
../Src/main.c:640:6:BuzzerControl_SetBeep	16	static
../Src/main.c:660:10:CalculatorTime	24	static
../Src/main.c:682:6:Blinkled_StatusPower	16	static
../Src/main.c:702:6:LedControl_SetStatus	16	static
../Src/main.c:725:6:btnB3Scan	8	static
../Src/main.c:782:6:btnB2Scan	8	static
../Src/main.c:836:6:btnB4Scan	8	static
../Src/main.c:881:5:main	8	static
